
Administrator@WIN-BHDTK1KMK17 MINGW64 ~
$ cd desktop

Administrator@WIN-BHDTK1KMK17 MINGW64 ~/desktop
$ git config user.name

Administrator@WIN-BHDTK1KMK17 MINGW64 ~/desktop
$ git config --global user.name "ahmad"

Administrator@WIN-BHDTK1KMK17 MINGW64 ~/desktop
$ git config --global user.email "201142@ppu.edu.ps"

Administrator@WIN-BHDTK1KMK17 MINGW64 ~/desktop
$ git config user.name
ahmad

Administrator@WIN-BHDTK1KMK17 MINGW64 ~/desktop
$ git init "myapp"
Initialized empty Git repository in C:/Users/Administrator/Desktop/myapp/.git/

Administrator@WIN-BHDTK1KMK17 MINGW64 ~/desktop
$ cd myapp

Administrator@WIN-BHDTK1KMK17 MINGW64 ~/desktop/myapp (master)
$ touch index.html

Administrator@WIN-BHDTK1KMK17 MINGW64 ~/desktop/myapp (master)
$ git status
On branch master

No commits yet

Untracked files:
  (use "git add <file>..." to include in what will be committed)
        index.html

nothing added to commit but untracked files present (use "git add" to track)

Administrator@WIN-BHDTK1KMK17 MINGW64 ~/desktop/myapp (master)
$ git add index.html

Administrator@WIN-BHDTK1KMK17 MINGW64 ~/desktop/myapp (master)
$ git status
On branch master

No commits yet

Changes to be committed:
  (use "git rm --cached <file>..." to unstage)
        new file:   index.html


Administrator@WIN-BHDTK1KMK17 MINGW64 ~/desktop/myapp (master)
$ git commit -m"creat index.html"
[master (root-commit) 42da044] creat index.html
 1 file changed, 0 insertions(+), 0 deletions(-)
 create mode 100644 index.html

Administrator@WIN-BHDTK1KMK17 MINGW64 ~/desktop/myapp (master)
$ git log
commit 42da044f0a3bd4b54c0cc4a131951b064b1cbc15 (HEAD -> master)
Author: ahmad <201142@ppu.edu.ps>
Date:   Mon Mar 18 20:16:44 2024 -0700

    creat index.html

Administrator@WIN-BHDTK1KMK17 MINGW64 ~/desktop/myapp (master)
$ git add index.html

Administrator@WIN-BHDTK1KMK17 MINGW64 ~/desktop/myapp (master)
$ git commit -m"edit index.html"
[master 6ab78ff] edit index.html
 1 file changed, 46 insertions(+)

Administrator@WIN-BHDTK1KMK17 MINGW64 ~/desktop/myapp (master)
$ git status
On branch master
nothing to commit, working tree clean

Administrator@WIN-BHDTK1KMK17 MINGW64 ~/desktop/myapp (master)
$ git branch varsions2

Administrator@WIN-BHDTK1KMK17 MINGW64 ~/desktop/myapp (master)
$ git checkout varsions2
Switched to branch 'varsions2'

Administrator@WIN-BHDTK1KMK17 MINGW64 ~/desktop/myapp (varsions2)
$ git status
On branch varsions2
nothing to commit, working tree clean

Administrator@WIN-BHDTK1KMK17 MINGW64 ~/desktop/myapp (varsions2)
$ git status
On branch varsions2
Changes not staged for commit:
  (use "git add <file>..." to update what will be committed)
  (use "git restore <file>..." to discard changes in working directory)
        modified:   index.html

no changes added to commit (use "git add" and/or "git commit -a")

Administrator@WIN-BHDTK1KMK17 MINGW64 ~/desktop/myapp (varsions2)
$ git add index.txt
fatal: pathspec 'index.txt' did not match any files

Administrator@WIN-BHDTK1KMK17 MINGW64 ~/desktop/myapp (varsions2)
$ git add index.html

Administrator@WIN-BHDTK1KMK17 MINGW64 ~/desktop/myapp (varsions2)
$ git commit -m"changes index.html"
[varsions2 45df189] changes index.html
 1 file changed, 4 insertions(+), 1 deletion(-)

Administrator@WIN-BHDTK1KMK17 MINGW64 ~/desktop/myapp (varsions2)
$ git log
commit 45df189fa9123890c2bb4c7db1fdd4f345d8d18b (HEAD -> varsions2)
Author: ahmad <201142@ppu.edu.ps>
Date:   Mon Mar 18 20:43:56 2024 -0700

    changes index.html

commit 6ab78ff408c1c21ad2db2b09c518c597a9dfb5c6 (master)
Author: ahmad <201142@ppu.edu.ps>
Date:   Mon Mar 18 20:21:09 2024 -0700

    edit index.html

commit 42da044f0a3bd4b54c0cc4a131951b064b1cbc15
Author: ahmad <201142@ppu.edu.ps>
Date:   Mon Mar 18 20:16:44 2024 -0700

    creat index.html

Administrator@WIN-BHDTK1KMK17 MINGW64 ~/desktop/myapp (varsions2)
$ git status
On branch varsions2
nothing to commit, working tree clean

Administrator@WIN-BHDTK1KMK17 MINGW64 ~/desktop/myapp (varsions2)
$ git commit -m"changes index.html"
On branch varsions2
nothing to commit, working tree clean

Administrator@WIN-BHDTK1KMK17 MINGW64 ~/desktop/myapp (varsions2)
$ git status
On branch varsions2
nothing to commit, working tree clean

Administrator@WIN-BHDTK1KMK17 MINGW64 ~/desktop/myapp (varsions2)
$ git checkout master
Switched to branch 'master'

Administrator@WIN-BHDTK1KMK17 MINGW64 ~/desktop/myapp (master)
$ git log
commit 6ab78ff408c1c21ad2db2b09c518c597a9dfb5c6 (HEAD -> master)
Author: ahmad <201142@ppu.edu.ps>
Date:   Mon Mar 18 20:21:09 2024 -0700

    edit index.html

commit 42da044f0a3bd4b54c0cc4a131951b064b1cbc15
Author: ahmad <201142@ppu.edu.ps>
Date:   Mon Mar 18 20:16:44 2024 -0700

    creat index.html

Administrator@WIN-BHDTK1KMK17 MINGW64 ~/desktop/myapp (master)
$ git merge version2
merge: version2 - not something we can merge

Administrator@WIN-BHDTK1KMK17 MINGW64 ~/desktop/myapp (master)
$ git merge versions2
merge: versions2 - not something we can merge

Administrator@WIN-BHDTK1KMK17 MINGW64 ~/desktop/myapp (master)
$ git merge version2^C

Administrator@WIN-BHDTK1KMK17 MINGW64 ~/desktop/myapp (master)
$ git merge varsions2
Updating 6ab78ff..45df189
Fast-forward
 index.html | 5 ++++-
 1 file changed, 4 insertions(+), 1 deletion(-)

Administrator@WIN-BHDTK1KMK17 MINGW64 ~/desktop/myapp (master)
$ git log
commit 45df189fa9123890c2bb4c7db1fdd4f345d8d18b (HEAD -> master, varsions2)
Author: ahmad <201142@ppu.edu.ps>
Date:   Mon Mar 18 20:43:56 2024 -0700

    changes index.html

commit 6ab78ff408c1c21ad2db2b09c518c597a9dfb5c6
Author: ahmad <201142@ppu.edu.ps>
Date:   Mon Mar 18 20:21:09 2024 -0700

    edit index.html

commit 42da044f0a3bd4b54c0cc4a131951b064b1cbc15
Author: ahmad <201142@ppu.edu.ps>
Date:   Mon Mar 18 20:16:44 2024 -0700

    creat index.html

Administrator@WIN-BHDTK1KMK17 MINGW64 ~/desktop/myapp (master)
$ git remote origin https://github.com/ahmadshalalfh/myproject.git
error: unknown subcommand: `origin'
usage: git remote [-v | --verbose]
   or: git remote add [-t <branch>] [-m <master>] [-f] [--tags | --no-tags] [--mirror=<fetch|push>] <name> <url>
   or: git remote rename [--[no-]progress] <old> <new>
   or: git remote remove <name>
   or: git remote set-head <name> (-a | --auto | -d | --delete | <branch>)
   or: git remote [-v | --verbose] show [-n] <name>
   or: git remote prune [-n | --dry-run] <name>
   or: git remote [-v | --verbose] update [-p | --prune] [(<group> | <remote>)...]
   or: git remote set-branches [--add] <name> <branch>...
   or: git remote get-url [--push] [--all] <name>
   or: git remote set-url [--push] <name> <newurl> [<oldurl>]
   or: git remote set-url --add <name> <newurl>
   or: git remote set-url --delete <name> <url>

    -v, --[no-]verbose    be verbose; must be placed before a subcommand


Administrator@WIN-BHDTK1KMK17 MINGW64 ~/desktop/myapp (master)
$ git remote add origin https://github.com/ahmadshalalfh/myproject.git

Administrator@WIN-BHDTK1KMK17 MINGW64 ~/desktop/myapp (master)
$ git remote -v
origin  https://github.com/ahmadshalalfh/myproject.git (fetch)
origin  https://github.com/ahmadshalalfh/myproject.git (push)

Administrator@WIN-BHDTK1KMK17 MINGW64 ~/desktop/myapp (master)
$ git push -u origin master
